[es_swimmer_s0] env=swimmer backend=generalized D=6036 P=128 bins=10 obs=8 act=2 budget=10,000,000
  it     2 steps     136,192 eval     26.15 pop      2.45 len 1000.0 cap 1000 trunc   0%     2.6k sps
  it     4 steps     392,192 eval     34.81 pop     16.48 len 1000.0 cap 1000 trunc   0%     4.1k sps
  it     6 steps     648,192 eval     56.47 pop     28.75 len 1000.0 cap 1000 trunc   0%     4.7k sps
  it     8 steps     904,192 eval    100.73 pop     40.33 len 1000.0 cap 1000 trunc   0%     5.0k sps
  it    10 steps   1,160,192 eval    121.61 pop     80.53 len 1000.0 cap 1000 trunc   0%     5.2k sps
  it    12 steps   1,416,192 eval    173.08 pop    116.95 len 1000.0 cap 1000 trunc   0%     5.4k sps
  it    14 steps   1,672,192 eval    201.41 pop    140.34 len 1000.0 cap 1000 trunc   0%     5.5k sps
  it    16 steps   1,928,192 eval    193.16 pop    171.68 len 1000.0 cap 1000 trunc   0%     5.5k sps
  it    18 steps   2,184,192 eval    220.42 pop    195.02 len 1000.0 cap 1000 trunc   0%     5.6k sps
  it    20 steps   2,440,192 eval    246.14 pop    203.82 len 1000.0 cap 1000 trunc   0%     5.6k sps
  it    22 steps   2,696,192 eval    236.87 pop    218.18 len 1000.0 cap 1000 trunc   0%     5.7k sps
  it    24 steps   2,952,192 eval    278.14 pop    237.56 len 1000.0 cap 1000 trunc   0%     5.7k sps
  it    26 steps   3,208,192 eval    276.18 pop    255.90 len 1000.0 cap 1000 trunc   0%     5.7k sps
  it    28 steps   3,464,192 eval    280.54 pop    259.75 len 1000.0 cap 1000 trunc   0%     5.8k sps
  it    30 steps   3,720,192 eval    286.56 pop    262.49 len 1000.0 cap 1000 trunc   0%     5.8k sps
  it    32 steps   3,976,192 eval    291.67 pop    275.35 len 1000.0 cap 1000 trunc   0%     5.8k sps
  it    34 steps   4,232,192 eval    294.48 pop    282.78 len 1000.0 cap 1000 trunc   0%     5.8k sps
  it    36 steps   4,488,192 eval    294.28 pop    285.44 len 1000.0 cap 1000 trunc   0%     5.8k sps
  it    38 steps   4,744,192 eval    293.31 pop    285.38 len 1000.0 cap 1000 trunc   0%     5.8k sps
  it    40 steps   5,000,192 eval    292.50 pop    287.26 len 1000.0 cap 1000 trunc   0%     5.8k sps
  it    42 steps   5,256,192 eval    299.92 pop    289.76 len 1000.0 cap 1000 trunc   0%     5.9k sps
  it    44 steps   5,512,192 eval    300.68 pop    291.26 len 1000.0 cap 1000 trunc   0%     5.9k sps
  it    46 steps   5,768,192 eval    302.65 pop    295.26 len 1000.0 cap 1000 trunc   0%     5.9k sps
  it    48 steps   6,024,192 eval    303.98 pop    297.00 len 1000.0 cap 1000 trunc   0%     5.9k sps
  it    50 steps   6,280,192 eval    301.29 pop    295.96 len 1000.0 cap 1000 trunc   0%     5.9k sps
  it    52 steps   6,536,192 eval    302.79 pop    295.04 len 1000.0 cap 1000 trunc   0%     5.9k sps
  it    54 steps   6,792,192 eval    309.34 pop    300.07 len 1000.0 cap 1000 trunc   0%     5.9k sps
  it    56 steps   7,048,192 eval    311.71 pop    303.40 len 1000.0 cap 1000 trunc   0%     5.9k sps
  it    58 steps   7,304,192 eval    313.14 pop    303.01 len 1000.0 cap 1000 trunc   0%     5.9k sps
  it    60 steps   7,560,192 eval    314.89 pop    306.69 len 1000.0 cap 1000 trunc   0%     5.9k sps
  it    62 steps   7,816,192 eval    312.27 pop    307.14 len 1000.0 cap 1000 trunc   0%     5.9k sps
  it    64 steps   8,072,192 eval    312.17 pop    309.60 len 1000.0 cap 1000 trunc   0%     5.9k sps
  it    66 steps   8,328,192 eval    316.01 pop    310.00 len 1000.0 cap 1000 trunc   0%     5.9k sps
  it    68 steps   8,584,192 eval    318.47 pop    313.61 len 1000.0 cap 1000 trunc   0%     5.9k sps
  it    70 steps   8,840,192 eval    321.07 pop    316.07 len 1000.0 cap 1000 trunc   0%     5.9k sps
  it    72 steps   9,096,192 eval    323.25 pop    318.53 len 1000.0 cap 1000 trunc   0%     5.9k sps
  it    74 steps   9,352,192 eval    330.33 pop    319.06 len 1000.0 cap 1000 trunc   0%     5.9k sps
  it    76 steps   9,608,192 eval    338.92 pop    323.13 len 1000.0 cap 1000 trunc   0%     5.9k sps
  it    78 steps   9,864,192 eval    340.15 pop    324.68 len 1000.0 cap 1000 trunc   0%     5.9k sps
  it    80 steps  10,120,192 eval    334.10 pop    328.70 len 1000.0 cap 1000 trunc   0%     5.9k sps
[es_swimmer_s0] done in 1703s -> results/es_swimmer_s0.json
