[es_swimmer_s1] env=swimmer backend=generalized D=6036 P=128 bins=10 obs=8 act=2 budget=10,000,000
  it     2 steps     136,192 eval     30.16 pop      2.83 len 1000.0 cap 1000 trunc   0%     2.6k sps
  it     4 steps     392,192 eval     18.59 pop     22.28 len 1000.0 cap 1000 trunc   0%     4.1k sps
  it     6 steps     648,192 eval     29.25 pop     29.16 len 1000.0 cap 1000 trunc   0%     4.7k sps
  it     8 steps     904,192 eval     50.32 pop     38.35 len 1000.0 cap 1000 trunc   0%     5.1k sps
  it    10 steps   1,160,192 eval    100.97 pop     59.38 len 1000.0 cap 1000 trunc   0%     5.2k sps
  it    12 steps   1,416,192 eval    133.33 pop     87.41 len 1000.0 cap 1000 trunc   0%     5.4k sps
  it    14 steps   1,672,192 eval    159.93 pop    123.78 len 1000.0 cap 1000 trunc   0%     5.5k sps
  it    16 steps   1,928,192 eval    157.10 pop    148.83 len 1000.0 cap 1000 trunc   0%     5.6k sps
  it    18 steps   2,184,192 eval    178.64 pop    173.58 len 1000.0 cap 1000 trunc   0%     5.6k sps
  it    20 steps   2,440,192 eval    244.03 pop    193.71 len 1000.0 cap 1000 trunc   0%     5.7k sps
  it    22 steps   2,696,192 eval    239.60 pop    202.21 len 1000.0 cap 1000 trunc   0%     5.7k sps
  it    24 steps   2,952,192 eval    244.08 pop    203.43 len 1000.0 cap 1000 trunc   0%     5.7k sps
  it    26 steps   3,208,192 eval    238.61 pop    218.80 len 1000.0 cap 1000 trunc   0%     5.8k sps
  it    28 steps   3,464,192 eval    237.00 pop    221.17 len 1000.0 cap 1000 trunc   0%     5.8k sps
  it    30 steps   3,720,192 eval    239.24 pop    229.79 len 1000.0 cap 1000 trunc   0%     5.8k sps
  it    32 steps   3,976,192 eval    271.46 pop    248.34 len 1000.0 cap 1000 trunc   0%     5.8k sps
  it    34 steps   4,232,192 eval    269.77 pop    256.45 len 1000.0 cap 1000 trunc   0%     5.8k sps
  it    36 steps   4,488,192 eval    280.35 pop    260.22 len 1000.0 cap 1000 trunc   0%     5.8k sps
  it    38 steps   4,744,192 eval    280.38 pop    263.94 len 1000.0 cap 1000 trunc   0%     5.9k sps
  it    40 steps   5,000,192 eval    286.11 pop    271.52 len 1000.0 cap 1000 trunc   0%     5.9k sps
  it    42 steps   5,256,192 eval    292.45 pop    274.24 len 1000.0 cap 1000 trunc   0%     5.9k sps
  it    44 steps   5,512,192 eval    295.71 pop    277.37 len 1000.0 cap 1000 trunc   0%     5.9k sps
  it    46 steps   5,768,192 eval    294.07 pop    285.56 len 1000.0 cap 1000 trunc   0%     5.9k sps
  it    48 steps   6,024,192 eval    298.91 pop    288.67 len 1000.0 cap 1000 trunc   0%     5.9k sps
  it    50 steps   6,280,192 eval    302.79 pop    293.33 len 1000.0 cap 1000 trunc   0%     5.9k sps
  it    52 steps   6,536,192 eval    302.11 pop    294.48 len 1000.0 cap 1000 trunc   0%     5.9k sps
  it    54 steps   6,792,192 eval    304.45 pop    295.34 len 1000.0 cap 1000 trunc   0%     5.9k sps
  it    56 steps   7,048,192 eval    304.06 pop    295.99 len 1000.0 cap 1000 trunc   0%     6.0k sps
  it    58 steps   7,304,192 eval    305.98 pop    298.11 len 1000.0 cap 1000 trunc   0%     6.0k sps
  it    60 steps   7,560,192 eval    307.02 pop    300.37 len 1000.0 cap 1000 trunc   0%     6.0k sps
  it    62 steps   7,816,192 eval    307.97 pop    301.79 len 1000.0 cap 1000 trunc   0%     6.0k sps
  it    64 steps   8,072,192 eval    307.76 pop    302.18 len 1000.0 cap 1000 trunc   0%     6.0k sps
  it    66 steps   8,328,192 eval    308.10 pop    301.80 len 1000.0 cap 1000 trunc   0%     6.0k sps
  it    68 steps   8,584,192 eval    309.56 pop    303.79 len 1000.0 cap 1000 trunc   0%     6.0k sps
  it    70 steps   8,840,192 eval    308.88 pop    303.24 len 1000.0 cap 1000 trunc   0%     6.0k sps
  it    72 steps   9,096,192 eval    307.85 pop    304.42 len 1000.0 cap 1000 trunc   0%     6.0k sps
  it    74 steps   9,352,192 eval    310.08 pop    305.06 len 1000.0 cap 1000 trunc   0%     6.0k sps
  it    76 steps   9,608,192 eval    309.90 pop    304.96 len 1000.0 cap 1000 trunc   0%     6.0k sps
  it    78 steps   9,864,192 eval    309.43 pop    304.84 len 1000.0 cap 1000 trunc   0%     6.0k sps
  it    80 steps  10,120,192 eval    310.93 pop    305.68 len 1000.0 cap 1000 trunc   0%     6.0k sps
[es_swimmer_s1] done in 1688s -> results/es_swimmer_s1.json
