Gym has been unmaintained since 2022 and does not support NumPy 2.0 amongst other critical functionality.
Please upgrade to Gymnasium, the maintained drop-in replacement of Gym, or contact the authors of your software and request that they upgrade.
Users of this version of Gym should be able to simply replace 'import gym' with 'import gymnasium as gym' in the vast majority of cases.
See the migration guide at https://gymnasium.farama.org/introduction/migration_guide/ for additional information.
[restart] results/ppo_swimmer_s0.json exists but is incomplete
[ppo_swimmer_s0] env=swimmer preset=paper hidden=(64, 64) act=tanh budget=5,000,000 rs=1 disc=0.95 ent=0.001 unroll=20 envs=2048 bs=512
  steps           0 eval    -23.51  (35s)
  steps     327,680 eval    -36.16  (61s)
  steps     655,360 eval    -21.01  (80s)
  steps     983,040 eval     13.42  (98s)
  steps   1,310,720 eval     16.38  (116s)
  steps   1,638,400 eval     24.56  (135s)
  steps   1,966,080 eval     26.10  (155s)
  steps   2,293,760 eval     26.44  (177s)
  steps   2,621,440 eval     29.21  (198s)
  steps   2,949,120 eval     28.22  (219s)
  steps   3,276,800 eval     26.32  (243s)
  steps   3,604,480 eval     11.22  (265s)
  steps   3,932,160 eval    -11.29  (287s)
  steps   4,259,840 eval     -2.82  (311s)
  steps   4,587,520 eval     -5.58  (333s)
  steps   4,915,200 eval     -0.30  (356s)
  steps   5,242,880 eval     -2.58  (379s)
  steps   5,570,560 eval    -12.02  (401s)
  steps   5,898,240 eval     -7.64  (424s)
  steps   6,225,920 eval     13.90  (446s)
  steps   6,553,600 eval     14.74  (471s)
  steps   6,881,280 eval      9.30  (493s)
  steps   7,208,960 eval      0.51  (516s)
  steps   7,536,640 eval      1.03  (538s)
  steps   7,864,320 eval      1.21  (562s)
[ppo_swimmer_s0] done in 563s -> results/ppo_swimmer_s0.json
